# smartctl -x /dev/sda
smartctl 7.3 2022-02-28 r5338 [x86_64-linux-5.15.0-25-generic] (local build)
Copyright (C) 2002-22, Bruce Allen, Christian Franke, www.smartmontools.org

=== START OF INFORMATION SECTION ===
Vendor:               AVAGO
Product:              MR9361-16i
Revision:             4.72
Compliance:           SPC-3
User Capacity:        959,119,884,288 bytes [959 GB]
Logical block size:   512 bytes
Physical block size:  4096 bytes
Logical Unit id:      0x600062b2079c34000000f253f50d4c57
Serial number:        00574c0df553f2000000349c07b26200
Device type:          disk
Local Time is:        Wed Aug 30 12:39:17 2023 MSK
SMART support is:     Unavailable - device lacks SMART capability.
Read Cache is:        Enabled
Writeback Cache is:   Disabled

=== START OF READ SMART DATA SECTION ===
Current Drive Temperature:     0 C
Drive Trip Temperature:        0 C

Error Counter logging not supported

Device does not support Self Test logging
Device does not support Background scan results logging